line 1, column 2: expected quoted or unquoted value at beginning of item, got BraceClose "}"