line 1, column 1: expected quoted or unquoted value at beginning of item, got TokenBraceClose "}"