error on line 1, column 1: quoted value is missing closing quote: "\"abc"