error on line 1, column 1: value is missing separator from next value: "\"ab c\"\""