1:1 TokenUnquotedValue "\\"
1:2 TokenBraceOpen "{"