1:1 TokenValue "abc"
1:4 TokenWhitespace " "
1:5 TokenValue "\"d ef\""
1:11 TokenWhitespace " "
1:12 TokenValue "\"gh i\""
1:18 TokenBraceOpen "{"
1:19 TokenValue "jkl"
1:22 TokenWhitespace " "
1:23 TokenValue "\"mn op\""
1:30 TokenBraceClose "}"