1:1 UnquotedValue "abc"
1:4 Whitespace " "
1:5 Comment "#foo"
1:9 Linefeed "\n"
2:1 UnquotedValue "def"
2:4 Comment "#bar"