1:1 Whitespace "  \r"
1:4 Linefeed "\n"
2:1 Whitespace "\r"
2:2 Linefeed "\n"
3:1 Whitespace "\r"
3:2 Linefeed "\n"