1:1 UnquotedValue "abc"
1:4 Whitespace " "
1:5 QuotedValue "d ef"
1:11 Whitespace " "
1:12 QuotedValue "gh i"
1:18 BraceOpen "{"
1:19 UnquotedValue "jkl"
1:22 Whitespace " "
1:23 QuotedValue "mn op"
1:30 BraceClose "}"